student@T20:~$ cd jomy
student@T20:~/jomy$ git init Test1
Initialized empty Git repository in /home/student/jomy/Test1/.git/
student@T20:~/jomy$ cd Test1
student@T20:~/jomy/Test1$ git config --global user.name
dija1234
student@T20:~/jomy/Test1$ git config --global user.name "Jomy-John"
student@T20:~/jomy/Test1$ git config --global user.email "jomyjohn@mca.ajce.in"
student@T20:~/jomy/Test1$ gedit README
student@T20:~/jomy/Test1$ gedit sample.c
student@T20:~/jomy/Test1$ git status
On branch master

No commits yet

Untracked files:
  (use "git add <file>..." to include in what will be committed)

	README
	sample.c

nothing added to commit but untracked files present (use "git add" to track)
student@T20:~/jomy/Test1$ git add README
student@T20:~/jomy/Test1$ git add sample.c
student@T20:~/jomy/Test1$ git status
On branch master

No commits yet

Changes to be committed:
  (use "git rm --cached <file>..." to unstage)

	new file:   README
	new file:   sample.c

student@T20:~/jomy/Test1$ git commit -m "first commit"
[master (root-commit) 0e1e0c7] first commit
 2 files changed, 6 insertions(+)
 create mode 100644 README
 create mode 100644 sample.c
student@T20:~/jomy/Test1$ git remote add origin https://github.com/Jomy-John/Test1.git
student@T20:~/jomy/Test1$ git push origin master
Username for 'https://github.com': Jomy-John
Password for 'https://Jomy-John@github.com': 
Counting objects: 4, done.
Delta compression using up to 4 threads.
Compressing objects: 100% (3/3), done.
Writing objects: 100% (4/4), 336 bytes | 336.00 KiB/s, done.
Total 4 (delta 0), reused 0 (delta 0)
To https://github.com/Jomy-John/Test1.git
 * [new branch]      master -> master
student@T20:~/jomy/Test1$ git status
On branch master
nothing to commit, working tree clean
student@T20:~/jomy/Test1$ gedit README
student@T20:~/jomy/Test1$ git status
On branch master
Changes not staged for commit:
  (use "git add <file>..." to update what will be committed)
  (use "git checkout -- <file>..." to discard changes in working directory)

	modified:   README

no changes added to commit (use "git add" and/or "git commit -a")
student@T20:~/jomy/Test1$ git commit -m "readme updated"
On branch master
Changes not staged for commit:
	modified:   README

no changes added to commit
student@T20:~/jomy/Test1$ git add README
student@T20:~/jomy/Test1$ git commit -m "readme updated"
[master c655607] readme updated
 1 file changed, 1 insertion(+), 1 deletion(-)
student@T20:~/jomy/Test1$ git push origin master
Username for 'https://github.com': Jomy-John
Password for 'https://Jomy-John@github.com': 
remote: Invalid username or password.
fatal: Authentication failed for 'https://github.com/Jomy-John/Test1.git/'
student@T20:~/jomy/Test1$ git push origin master
Username for 'https://github.com': Jomy-John
Password for 'https://Jomy-John@github.com': 
Counting objects: 3, done.
Delta compression using up to 4 threads.
Compressing objects: 100% (2/2), done.
Writing objects: 100% (3/3), 295 bytes | 295.00 KiB/s, done.
Total 3 (delta 0), reused 0 (delta 0)
To https://github.com/Jomy-John/Test1.git
   0e1e0c7..c655607  master -> master
student@T20:~/jomy/Test1$ gedit sample2.c
student@T20:~/jomy/Test1$ git add sampl2.c
fatal: pathspec 'sampl2.c' did not match any files
student@T20:~/jomy/Test1$ git add sample2.c
student@T20:~/jomy/Test1$ git commit -m "second file"
[master de62cf5] second file
 1 file changed, 5 insertions(+)
 create mode 100644 sample2.c
student@T20:~/jomy/Test1$ git pull origin master
Username for 'https://github.com': Jomy-Jonh
Password for 'https://Jomy-Jonh@github.com': 
remote: Invalid username or password.
fatal: Authentication failed for 'https://github.com/Jomy-John/Test1.git/'
student@T20:~/jomy/Test1$ git pull origin master
Username for 'https://github.com': Jomy-John
Password for 'https://Jomy-John@github.com': 
remote: Enumerating objects: 5, done.
remote: Counting objects: 100% (5/5), done.
remote: Compressing objects: 100% (3/3), done.
remote: Total 3 (delta 0), reused 0 (delta 0), pack-reused 0
Unpacking objects: 100% (3/3), done.
From https://github.com/Jomy-John/Test1
 * branch            master     -> FETCH_HEAD
   c655607..34d4549  master     -> origin/master
Merge made by the 'recursive' strategy.
 sample.c | 1 +
 1 file changed, 1 insertion(+)
student@T20:~/jomy/Test1$ git push origin master
Username for 'https://github.com': Jomy-John
Password for 'https://Jomy-John@github.com': 
Counting objects: 5, done.
Delta compression using up to 4 threads.
Compressing objects: 100% (5/5), done.
Writing objects: 100% (5/5), 677 bytes | 677.00 KiB/s, done.
Total 5 (delta 0), reused 0 (delta 0)
To https://github.com/Jomy-John/Test1.git
   34d4549..27f84e9  master -> master
student@T20:~/jomy/Test1$ git branch feature_x
student@T20:~/jomy/Test1$ checkout feature_x
checkout: command not found
student@T20:~/jomy/Test1$ git checkout feature_x
Switched to branch 'feature_x'
student@T20:~/jomy/Test1$ gedit sample4.c
student@T20:~/jomy/Test1$ git add sample4.c
student@T20:~/jomy/Test1$ git commit -m "feature branch"
[feature_x 399b86f] feature branch
 1 file changed, 5 insertions(+)
 create mode 100644 sample4.c
student@T20:~/jomy/Test1$ git push origin feature_x
Username for 'https://github.com': Jomy-John
Password for 'https://Jomy-John@github.com': 
Counting objects: 3, done.
Delta compression using up to 4 threads.
Compressing objects: 100% (3/3), done.
Writing objects: 100% (3/3), 329 bytes | 329.00 KiB/s, done.
Total 3 (delta 1), reused 0 (delta 0)
remote: Resolving deltas: 100% (1/1), completed with 1 local object.
remote: 
remote: Create a pull request for 'feature_x' on GitHub by visiting:
remote:      https://github.com/Jomy-John/Test1/pull/new/feature_x
remote: 
To https://github.com/Jomy-John/Test1.git
 * [new branch]      feature_x -> feature_x
student@T20:~/jomy/Test1$ git fetch feature_x
fatal: 'feature_x' does not appear to be a git repository
fatal: Could not read from remote repository.

Please make sure you have the correct access rights
and the repository exists.
student@T20:~/jomy/Test1$ git fetch origin feature_x
Username for 'https://github.com': Jomy-John
Password for 'https://Jomy-John@github.com': 
remote: Enumerating objects: 4, done.
remote: Counting objects: 100% (4/4), done.
remote: Compressing objects: 100% (2/2), done.
remote: Total 3 (delta 1), reused 0 (delta 0), pack-reused 0
Unpacking objects: 100% (3/3), done.
From https://github.com/Jomy-John/Test1
 * branch            feature_x  -> FETCH_HEAD
   399b86f..31dbf88  feature_x  -> origin/feature_x
student@T20:~/jomy/Test1$ git merge Test1
merge: Test1 - not something we can merge
student@T20:~/jomy/Test1$ git merge origin feature_x
merge: origin - not something we can merge
student@T20:~/jomy/Test1$ git fetch origin/feature_x
fatal: 'origin/feature_x' does not appear to be a git repository
fatal: Could not read from remote repository.
student@T20:~$ cd jomy
student@T20:~/jomy$ git init Test1
Initialized empty Git repository in /home/student/jomy/Test1/.git/
student@T20:~/jomy$ cd Test1
student@T20:~/jomy/Test1$ git config --global user.name
dija1234
student@T20:~/jomy/Test1$ git config --global user.name "Jomy-John"
student@T20:~/jomy/Test1$ git config --global user.email "jomyjohn@mca.ajce.in"
student@T20:~/jomy/Test1$ gedit README
student@T20:~/jomy/Test1$ gedit sample.c
student@T20:~/jomy/Test1$ git status
On branch master

No commits yet

Untracked files:
  (use "git add <file>..." to include in what will be committed)

	README
	sample.c

nothing added to commit but untracked files present (use "git add" to track)
student@T20:~/jomy/Test1$ git add README
student@T20:~/jomy/Test1$ git add sample.c
student@T20:~/jomy/Test1$ git status
On branch master

No commits yet

Changes to be committed:
  (use "git rm --cached <file>..." to unstage)

	new file:   README
	new file:   sample.c

student@T20:~/jomy/Test1$ git commit -m "first commit"
[master (root-commit) 0e1e0c7] first commit
 2 files changed, 6 insertions(+)
 create mode 100644 README
 create mode 100644 sample.c
student@T20:~/jomy/Test1$ git push origin master
fatal: 'origin' does not appear to be a git repository
fatal: Could not read from remote repository.

Please make sure you have the correct access rights
and the repository exists.
student@T20:~/jomy/Test1$ git remote add origin https://github.com/Jomy-John/Test1.git
student@T20:~/jomy/Test1$ git push origin master
Username for 'https://github.com': Jomy-John
Password for 'https://Jomy-John@github.com': 
Counting objects: 4, done.
Delta compression using up to 4 threads.
Compressing objects: 100% (3/3), done.
Writing objects: 100% (4/4), 336 bytes | 336.00 KiB/s, done.
Total 4 (delta 0), reused 0 (delta 0)
To https://github.com/Jomy-John/Test1.git
 * [new branch]      master -> master
student@T20:~/jomy/Test1$ git status
On branch master
nothing to commit, working tree clean
student@T20:~/jomy/Test1$ gedit README
student@T20:~/jomy/Test1$ git status
On branch master
Changes not staged for commit:
  (use "git add <file>..." to update what will be committed)
  (use "git checkout -- <file>..." to discard changes in working directory)

	modified:   README

no changes added to commit (use "git add" and/or "git commit -a")
student@T20:~/jomy/Test1$ git commit -m "readme updated"
On branch master
Changes not staged for commit:
	modified:   README

no changes added to commit
student@T20:~/jomy/Test1$ git add README
student@T20:~/jomy/Test1$ git commit -m "readme updated"
[master c655607] readme updated
 1 file changed, 1 insertion(+), 1 deletion(-)
student@T20:~/jomy/Test1$ git push origin master
Username for 'https://github.com': Jomy-John
Password for 'https://Jomy-John@github.com': 
remote: Invalid username or password.
fatal: Authentication failed for 'https://github.com/Jomy-John/Test1.git/'
student@T20:~/jomy/Test1$ git push origin master
Username for 'https://github.com': Jomy-John
Password for 'https://Jomy-John@github.com': 
Counting objects: 3, done.
Delta compression using up to 4 threads.
Compressing objects: 100% (2/2), done.
Writing objects: 100% (3/3), 295 bytes | 295.00 KiB/s, done.
Total 3 (delta 0), reused 0 (delta 0)
To https://github.com/Jomy-John/Test1.git
   0e1e0c7..c655607  master -> master
student@T20:~/jomy/Test1$ gedit sample2.c
student@T20:~/jomy/Test1$ git add sampl2.c
fatal: pathspec 'sampl2.c' did not match any files
student@T20:~/jomy/Test1$ git add sample2.c
student@T20:~/jomy/Test1$ git commit -m "second file"
[master de62cf5] second file
 1 file changed, 5 insertions(+)
 create mode 100644 sample2.c
student@T20:~/jomy/Test1$ git push origin master
Username for 'https://github.com': Jomy-John
Password for 'https://Jomy-John@github.com': 
To https://github.com/Jomy-John/Test1.git
 ! [rejected]        master -> master (fetch first)
error: failed to push some refs to 'https://github.com/Jomy-John/Test1.git'
hint: Updates were rejected because the remote contains work that you do
hint: not have locally. This is usually caused by another repository pushing
hint: to the same ref. You may want to first integrate the remote changes
hint: (e.g., 'git pull ...') before pushing again.
hint: See the 'Note about fast-forwards' in 'git push --help' for details.
student@T20:~/jomy/Test1$ git pull -u origin master
error: unknown switch `u'
usage: git pull [<options>] [<repository> [<refspec>...]]

    -v, --verbose         be more verbose
    -q, --quiet           be more quiet
    --progress            force progress reporting
    --recurse-submodules[=<on-demand>]
                          control for recursive fetching of submodules

Options related to merging
    -r, --rebase[=<false|true|preserve|interactive>]
                          incorporate changes by rebasing rather than merging
    -n                    do not show a diffstat at the end of the merge
    --stat                show a diffstat at the end of the merge
    --log[=<n>]           add (at most <n>) entries from shortlog to merge commit message
    --signoff[=...]       add Signed-off-by:
    --squash              create a single commit instead of doing a merge
    --commit              perform a commit if the merge succeeds (default)
    --edit                edit message before committing
    --ff                  allow fast-forward
    --ff-only             abort if fast-forward is not possible
    --verify-signatures   verify that the named commit has a valid GPG signature
    --autostash           automatically stash/stash pop before and after rebase
    -s, --strategy <strategy>
                          merge strategy to use
    -X, --strategy-option <option=value>
                          option for selected merge strategy
    -S, --gpg-sign[=<key-id>]
                          GPG sign commit
    --allow-unrelated-histories
                          allow merging unrelated histories

Options related to fetching
    --all                 fetch from all remotes
    -a, --append          append to .git/FETCH_HEAD instead of overwriting
    --upload-pack <path>  path to upload pack on remote end
    -f, --force           force overwrite of local branch
    -t, --tags            fetch all tags and associated objects
    -p, --prune           prune remote-tracking branches no longer on remote
    -j, --jobs[=<n>]      number of submodules pulled in parallel
    --dry-run             dry run
    -k, --keep            keep downloaded pack
    --depth <depth>       deepen history of shallow clone
    --unshallow           convert to a complete repository
    --update-shallow      accept refs that update .git/shallow
    --refmap <refmap>     specify fetch refmap
    -4, --ipv4            use IPv4 addresses only
    -6, --ipv6            use IPv6 addresses only

student@T20:~/jomy/Test1$ git pull origin master
Username for 'https://github.com': Jomy-Jonh
Password for 'https://Jomy-Jonh@github.com': 
remote: Invalid username or password.
fatal: Authentication failed for 'https://github.com/Jomy-John/Test1.git/'
student@T20:~/jomy/Test1$ git pull origin master
Username for 'https://github.com': Jomy-John
Password for 'https://Jomy-John@github.com': 
remote: Enumerating objects: 5, done.
remote: Counting objects: 100% (5/5), done.
remote: Compressing objects: 100% (3/3), done.
remote: Total 3 (delta 0), reused 0 (delta 0), pack-reused 0
Unpacking objects: 100% (3/3), done.
From https://github.com/Jomy-John/Test1
 * branch            master     -> FETCH_HEAD
   c655607..34d4549  master     -> origin/master
Merge made by the 'recursive' strategy.
 sample.c | 1 +
 1 file changed, 1 insertion(+)
student@T20:~/jomy/Test1$ git push origin master
Username for 'https://github.com': Jomy-John
Password for 'https://Jomy-John@github.com': 
Counting objects: 5, done.
Delta compression using up to 4 threads.
Compressing objects: 100% (5/5), done.
Writing objects: 100% (5/5), 677 bytes | 677.00 KiB/s, done.
Total 5 (delta 0), reused 0 (delta 0)
To https://github.com/Jomy-John/Test1.git
   34d4549..27f84e9  master -> master
student@T20:~/jomy/Test1$ git branch feature_x
student@T20:~/jomy/Test1$ checkout feature_x
checkout: command not found
student@T20:~/jomy/Test1$ git checkout feature_x
Switched to branch 'feature_x'
student@T20:~/jomy/Test1$ gedit sample4.c
student@T20:~/jomy/Test1$ git add sample4.c
student@T20:~/jomy/Test1$ git commit -m "feature branch"
[feature_x 399b86f] feature branch
 1 file changed, 5 insertions(+)
 create mode 100644 sample4.c
student@T20:~/jomy/Test1$ git push origin feature_x
Username for 'https://github.com': Jomy-John
Password for 'https://Jomy-John@github.com': 
Counting objects: 3, done.
Delta compression using up to 4 threads.
Compressing objects: 100% (3/3), done.
Writing objects: 100% (3/3), 329 bytes | 329.00 KiB/s, done.
Total 3 (delta 1), reused 0 (delta 0)
remote: Resolving deltas: 100% (1/1), completed with 1 local object.
remote: 
remote: Create a pull request for 'feature_x' on GitHub by visiting:
remote:      https://github.com/Jomy-John/Test1/pull/new/feature_x
remote: 
To https://github.com/Jomy-John/Test1.git
 * [new branch]      feature_x -> feature_x
student@T20:~/jomy/Test1$ git fetch feature_x
fatal: 'feature_x' does not appear to be a git repository
fatal: Could not read from remote repository.

Please make sure you have the correct access rights
and the repository exists.
student@T20:~/jomy/Test1$ git fetch origin feature_x
Username for 'https://github.com': Jomy-John
Password for 'https://Jomy-John@github.com': 
remote: Enumerating objects: 4, done.
remote: Counting objects: 100% (4/4), done.
remote: Compressing objects: 100% (2/2), done.
remote: Total 3 (delta 1), reused 0 (delta 0), pack-reused 0
Unpacking objects: 100% (3/3), done.
From https://github.com/Jomy-John/Test1
 * branch            feature_x  -> FETCH_HEAD
   399b86f..31dbf88  feature_x  -> origin/feature_x
student@T20:~/jomy/Test1$ git merge Test1
merge: Test1 - not something we can merge
student@T20:~/jomy/Test1$ git merge origin feature_x
merge: origin - not something we can merge
student@T20:~/jomy/Test1$ git fetch origin/feature_x
fatal: 'origin/feature_x' does not appear to be a git repository
fatal: Could not read from remote repository.

Please make sure you have the correct access rights
and the repository exists.
student@T20:~/jomy/Test1$ git log
commit 399b86fcce345383c27f4e9e4972d57b2d5bf931 (HEAD -> feature_x)
Author: Jomy-John <jomyjohn@mca.ajce.in>
Date:   Mon Apr 8 12:14:17 2019 +0530

    feature branch

commit 27f84e905023a46a4db5d02a9f90915da581216f (origin/master, master)
Merge: de62cf5 34d4549
Author: Jomy-John <jomyjohn@mca.ajce.in>
Date:   Mon Apr 8 11:59:04 2019 +0530

    Merge branch 'master' of https://github.com/Jomy-John/Test1

commit de62cf535012ba32e619d090da130d5779f4fd29
Author: Jomy-John <jomyjohn@mca.ajce.in>
Date:   Mon Apr 8 11:50:05 2019 +0530

    second file

commit 34d4549cb58f9e87c12df09fc0e17382a85b22b7
Author: Jomy-John <48617020+Jomy-John@users.noreply.github.com>
Date:   Mon Apr 8 11:47:13 2019 +0530

    Update sample.c
    
    sample.c updated

commit c6556077c18b14c2820ced26ab853e204ab41e68
Author: Jomy-John <jomyjohn@mca.ajce.in>
Date:   Mon Apr 8 11:43:41 2019 +0530

    readme updated

commit 0e1e0c75e26ebcaabfe807625618cbd28f5f52b4
Author: Jomy-John <jomyjohn@mca.ajce.in>
Date:   Mon Apr 8 11:30:30 2019 +0530

    first commit
 ESCOD
Date:   Mon Apr 8 11:50:05 2019 +0530

    second file

commit 34d4549cb58f9e87c12df09fc0e17382a85b22b7
Author: Jomy-John <48617020+Jomy-John@users.noreply.github.com>
Date:   Mon Apr 8 11:47:13 2019 +0530

    Update sample.c
    
    sample.c updated

commit c6556077c18b14c2820ced26ab853e204ab41e68
Author: Jomy-John <jomyjohn@mca.ajce.in>
Date:   Mon Apr 8 11:43:41 2019 +0530

    readme updated

commit 0e1e0c75e26ebcaabfe807625618cbd28f5f52b4
Author: Jomy-John <jomyjohn@mca.ajce.in>
Date:   Mon Apr 8 11:30:30 2019 +0530

    first commit
 ESCOD
Date:   Mon Apr 8 11:50:05 2019 +0530

    second file

commit 34d4549cb58f9e87c12df09fc0e17382a85b22b7
Author: Jomy-John <48617020+Jomy-John@users.noreply.github.com>
Date:   Mon Apr 8 11:47:13 2019 +0530

    Update sample.c
    
    sample.c updated

commit c6556077c18b14c2820ced26ab853e204ab41e68
Author: Jomy-John <jomyjohn@mca.ajce.in>
Date:   Mon Apr 8 11:43:41 2019 +0530

    readme updated

commit 0e1e0c75e26ebcaabfe807625618cbd28f5f52b4
Author: Jomy-John <jomyjohn@mca.ajce.in>
Date:   Mon Apr 8 11:30:30 2019 +0530

    first commit
 ESCOD
Date:   Mon Apr 8 11:50:05 2019 +0530

    second file

commit 34d4549cb58f9e87c12df09fc0e17382a85b22b7
Author: Jomy-John <48617020+Jomy-John@users.noreply.github.com>
Date:   Mon Apr 8 11:47:13 2019 +0530

    Update sample.c
    
    sample.c updated

commit c6556077c18b14c2820ced26ab853e204ab41e68
Author: Jomy-John <jomyjohn@mca.ajce.in>
Date:   Mon Apr 8 11:43:41 2019 +0530

    readme updated

commit 0e1e0c75e26ebcaabfe807625618cbd28f5f52b4
Author: Jomy-John <jomyjohn@mca.ajce.in>
Date:   Mon Apr 8 11:30:30 2019 +0530

    first commit

student@T20:~/jomy/Test1$ 


Please make sure you have the correct access rights
and the repository exists.
student@T20:~/jomy/Test1$ 

